//Elasticsearch and Logstash require Java, so we will install that first
//We will install a recent version of Oracle Java 8 because that is what Elasticsearch recommends.

# Install Java 8
//Installing the default JRE/JDK
//ELK requires the installation of Java 8 and higher.

$ sudo apt-get update
$ sudo apt-get install default-jre
$ sudo apt-get install default-jdk

//Installing the Oracle JDK
$ sudo apt-get install software-properties-common
$ sudo add-apt-repository "deb http://ppa.launchpad.net/webupd8team/java/ubuntu xenial main"
$ sudo apt-get update

//Oracle JDK8
$ sudo apt-get install oracle-java8-installer

//Check Java version you are running to see version 1.8.*
$ javac -version



# Installing Elasticsearch
--Download and install the Debian package manually
//The Debian package for Elasticsearch v6.3.1 can be downloaded from the website and installed as follows:
$ wget https://artifacts.elastic.co/downloads/elasticsearch/elasticsearch-6.3.1.deb
$ wget https://artifacts.elastic.co/downloads/elasticsearch/elasticsearch-6.3.1.deb.sha512
$ shasum -a 512 -c elasticsearch-6.3.1.deb.sha512
$ sudo dpkg -i elasticsearch-6.3.1.deb

--Enable and run Elasticsearch with systemd
//To configure Elasticsearch to start automatically when the system boots up, run the following commands:
$ sudo systemctl enable elasticsearch.service
$ sudo systemctl start elasticsearch.service

//To check the status of Elasticsearch service
$ sudo systemctl status elasticsearch.service

//To stop the service
$ sudo systemctl stop elasticsearch.service


--Configure Elasticsearch
//Edit the configuration file by this command
$ sudo nano /etc/elasticsearch/elasticsearch.yml

//Find the line that specifies network.host, uncomment it, and replace its value with "0.0.0.0" so it looks like this:
network.host: 0.0.0.0

//Find the line that specifies http.port, uncomment it, and replace its value with "9200" so it looks like this:
http.port: 9200

//This configuration will make Elasticsearch listen all network interface (included the server IP) on port 9200

--Restart the service after configuration update
$ sudo systemctl restart elasticsearch.service

--Now, go to browser and check if Elasticsearch is running
http://[server_ip_address]:9200/

//If there is no error, you will see the respond with the ELasticsearch famous tag "You Know, for Search"

Notes: In server, you need to make this service (Elasticsearch) to be auto-restart when the server crash or reboot



# Installing Kibana
--Download and install the Debian pacakage manually
//The Debian package for Kibana v6.3.1 can be downloaded from the website and installed as follows:
$ wget https://artifacts.elastic.co/downloads/kibana/kibana-6.3.1-amd64.deb
$ shasum -a 512 kibana-6.3.1-amd64.deb
$ sudo dpkg -i kibana-6.3.1-amd64.deb

--Enable and run Kibana with systemd
//To configure Kibana to start automatically when the system boots up, run the following commands:
$ sudo systemctl enable kibana.service
$ sudo systemctl start kibana.service

//To check the status of Elasticsearch service
$ sudo systemctl status kibana.service

//To stop the service
$ sudo systemctl stop kibana.service

//We will not change any configuration in Kibana as it will be configure by Nginx
//But, if you want to edit the configuration file, use this command
$ sudo nano /etc/kibana/kibana.yml


--Install Nginx
//Because we configured Kibana to listen on server IP, we must set up a reverse proxy to allow external access to it
//We will use Nginx for this purpose.

//Use apt to install Nginx and Apache2-utils
$ sudo apt-get install nginx apache2-utils

//Use htpasswd to create an admin user, called "kibanaadmin" (you should use another name), that can access the Kibana web interface
$ sudo htpasswd -c /etc/nginx/htpasswd.users kibanaadmin

//Now open the Nginx default server block
$ sudo nano /etc/nginx/sites-available/default

//Be sure to update the server_name to match your server's name or IP and also the port where Elasticsearch running

--Now restart Nginx to put our changes into effect
$ sudo service nginx restart

//Kibana is now accessible via public IP address of your server i.e. http://[server_ip_address]:[kibana_port]
//Go to browser and enter the credentials

Notes: You also need to make this service (Kibana) to be auto-restart when the server crash or reboot



# Installing Logstash
--Download and install the Debian package manually
//The Debian package for Logstash v6.3.1 can be downloaded from the website and installed as follows:
$ wget https://artifacts.elastic.co/downloads/logstash/logstash-6.3.1.deb
$ shasum -a 512 logstash-6.3.1.deb
$ sudo dpkg -i logstash-6.3.1.deb

--Run Logstash as a service
//To configure Logstash to start automatically when the system boots up, run the following commands:
$ sudo service logstash start 

//To check the status of Logstash service
$ sudo service logstash status

//To stop the service
$ sudo service logstash stop

//If you don't have a DNS setup, you will have to add your ELK Server's private IP address to the subjectAltName (SAN)
//To do so, open the OpenSSL configuration file
$ sudo nano /etc/ssl/openssl.cnf

//Find the [ v3_ca ] section in the file, and add this line under it (substituting in the ELK Server's private IP address)
subjectAltName = IP: ELK_server_private_IP

--Configure Logstash
//Let's create a configuration file input.conf and set up our file input:
$ sudo nano /etc/logstash/conf.d/input.conf

//Let's create a configuration file filter.conf:
$ sudo nano /etc/logstash/conf.d/filter.conf

//Let's create a configuration file output.conf:
$ sudo nano /etc/logstash/conf.d/output.conf

--Restart Logstash to put our configuration changes into effect:
$ sudo service logstash restart

//Check the status. It will run in some minutes, if there are no syntax errors.
//Otherwise, try and read the error output to see what's wrong with your Logstash configuration.

Notes:
1. If the Elasticsearch run on server with firewall, then you need to allow the IP server (where Logstash run) to connect to Elasticsearch port.
Example: sudo ufw allow from [IP_server_Logstash] to any port [ES_port]

2. Check the input file, sometime Logstash do not get access to open the input file. Logstash got 'permission denied' for Nginx .log file.
To overcome this issue, first edit the init file.
$ sudo nano /etc/init.d/logstash
Then modify the 'group=logstash' to 'group=adm'. Save and exit.
$ sudo service logstash restart

3. Make Logstash service to be auto-restart when the server crash or reboot

4. Untuk server produksi, cukup menggunakan IP saja tanpa port. Hal ini dikarenakan server produksi dedicated untuk melayani service itu saja. Sedangkan, di server development harus berbagi dengan service lainnya.

5. Backup and restore

6. Find error or warning message through /var/log
